Running full test suite (verbose)...

Checked 241 files in 790ms. No fixes applied.
Found 1 info.
[90m┌────────────[39m[90m┬────────────────[39m[90m┬─────────────[39m[90m┬──────────────[39m[90m┬──────────────[39m[90m┬──────────────────[39m[90m┬───────────────────┐[39m
[90m│[39m[31m Format     [39m[90m│[39m[31m Files analyzed [39m[90m│[39m[31m Total lines [39m[90m│[39m[31m Total tokens [39m[90m│[39m[31m Clones found [39m[90m│[39m[31m Duplicated lines [39m[90m│[39m[31m Duplicated tokens [39m[90m│[39m
[90m├────────────[39m[90m┼────────────────[39m[90m┼─────────────[39m[90m┼──────────────[39m[90m┼──────────────[39m[90m┼──────────────────[39m[90m┼───────────────────┤[39m
[90m│[39m javascript [90m│[39m 225            [90m│[39m 34422       [90m│[39m 266935       [90m│[39m 0            [90m│[39m 0 (0%)           [90m│[39m 0 (0%)            [90m│[39m
[90m├────────────[39m[90m┼────────────────[39m[90m┼─────────────[39m[90m┼──────────────[39m[90m┼──────────────[39m[90m┼──────────────────[39m[90m┼───────────────────┤[39m
[90m│[39m markup     [90m│[39m 169            [90m│[39m 2136        [90m│[39m 22743        [90m│[39m 0            [90m│[39m 0 (0%)           [90m│[39m 0 (0%)            [90m│[39m
[90m├────────────[39m[90m┼────────────────[39m[90m┼─────────────[39m[90m┼──────────────[39m[90m┼──────────────[39m[90m┼──────────────────[39m[90m┼───────────────────┤[39m
[90m│[39m json       [90m│[39m 31             [90m│[39m 466         [90m│[39m 2686         [90m│[39m 0            [90m│[39m 0 (0%)           [90m│[39m 0 (0%)            [90m│[39m
[90m├────────────[39m[90m┼────────────────[39m[90m┼─────────────[39m[90m┼──────────────[39m[90m┼──────────────[39m[90m┼──────────────────[39m[90m┼───────────────────┤[39m
[90m│[39m scss       [90m│[39m 32             [90m│[39m 2237        [90m│[39m 11800        [90m│[39m 0            [90m│[39m 0 (0%)           [90m│[39m 0 (0%)            [90m│[39m
[90m├────────────[39m[90m┼────────────────[39m[90m┼─────────────[39m[90m┼──────────────[39m[90m┼──────────────[39m[90m┼──────────────────[39m[90m┼───────────────────┤[39m
[90m│[39m [1mTotal:[22m     [90m│[39m 457            [90m│[39m 39261       [90m│[39m 304164       [90m│[39m 0            [90m│[39m 0 (0%)           [90m│[39m 0 (0%)            [90m│[39m
[90m└────────────[39m[90m┴────────────────[39m[90m┴─────────────[39m[90m┴──────────────[39m[90m┴──────────────[39m[90m┴──────────────────[39m[90m┴───────────────────┘[39m
[90mFound 0 clones.[39m
[32mJSON report saved to .jscpd-report/jscpd-report.json[39m
[90m┌────────────[39m[90m┬────────────────[39m[90m┬─────────────[39m[90m┬──────────────[39m[90m┬──────────────[39m[90m┬──────────────────[39m[90m┬───────────────────┐[39m
[90m│[39m[31m Format     [39m[90m│[39m[31m Files analyzed [39m[90m│[39m[31m Total lines [39m[90m│[39m[31m Total tokens [39m[90m│[39m[31m Clones found [39m[90m│[39m[31m Duplicated lines [39m[90m│[39m[31m Duplicated tokens [39m[90m│[39m
[90m├────────────[39m[90m┼────────────────[39m[90m┼─────────────[39m[90m┼──────────────[39m[90m┼──────────────[39m[90m┼──────────────────[39m[90m┼───────────────────┤[39m
[90m│[39m javascript [90m│[39m 101            [90m│[39m 8157        [90m│[39m 59486        [90m│[39m 0            [90m│[39m 0 (0%)           [90m│[39m 0 (0%)            [90m│[39m
[90m├────────────[39m[90m┼────────────────[39m[90m┼─────────────[39m[90m┼──────────────[39m[90m┼──────────────[39m[90m┼──────────────────[39m[90m┼───────────────────┤[39m
[90m│[39m json       [90m│[39m 16             [90m│[39m 416         [90m│[39m 2419         [90m│[39m 0            [90m│[39m 0 (0%)           [90m│[39m 0 (0%)            [90m│[39m
[90m├────────────[39m[90m┼────────────────[39m[90m┼─────────────[39m[90m┼──────────────[39m[90m┼──────────────[39m[90m┼──────────────────[39m[90m┼───────────────────┤[39m
[90m│[39m [1mTotal:[22m     [90m│[39m 117            [90m│[39m 8573        [90m│[39m 61905        [90m│[39m 0            [90m│[39m 0 (0%)           [90m│[39m 0 (0%)            [90m│[39m
[90m└────────────[39m[90m┴────────────────[39m[90m┴─────────────[39m[90m┴──────────────[39m[90m┴──────────────[39m[90m┴──────────────────[39m[90m┴───────────────────┘[39m
[90mFound 0 clones.[39m
[32mJSON report saved to .jscpd-report/jscpd-report.json[39m
✓ JavaScript built and minified with source maps

📸 Unused Images Report:
========================
❌ placeholder-square-7.jpg
❌ placeholder-square-6.jpg
❌ placeholder-banner.jpg
❌ placeholder-square-5.jpg

Found 4 unused images in /src/images/
Generated PDF: _site/menus/lunch/the-chobble-template-lunch.pdf
Generated PDF: _site/menus/dinner/the-chobble-template-dinner.pdf
Generated PDF: _site/menus/brunch/the-chobble-template-brunch.pdf
[11ty] Copied 42 Wrote 245 files in 7.93 seconds (32.4ms each, v3.1.2)
[0m[1mbun test [0m[2mv1.3.5 (1e86cebd)[0m
hello
1

============================================================
TEST SUMMARY
============================================================
✅ Passed: lint, typecheck, cpd, build

❌ Failed: tests

tests errors:
  No specific errors extracted. Last 15 lines of output:

  Run with --verbose to see full output, or check exit code:
  Exit code: 1
============================================================
